#
# A fatal error has been detected by the Java Runtime Environment:
#
#  EXCEPTION_ACCESS_VIOLATION (0xc0000005) at pc=0x00007ff9be6026c4, pid=11844, tid=10808
#
# JRE version: Java(TM) SE Runtime Environment (24.0+36) (build 24+36-3646)
# Java VM: Java HotSpot(TM) 64-Bit Server VM (24+36-3646, mixed mode, emulated-client, sharing, tiered, compressed oops, compressed class ptrs, g1 gc, windows-amd64)
# Problematic frame:
# C  [libasyncProfiler.dll+0x926c4]
#
# No core dump will be written. Minidumps are not enabled by default on client versions of Windows
#
# JFR recording file will be written. Location: C:\Users\LENOVO\OneDrive - Universidad San Ignacio de Loyola\Documentos\clinica_Despertares\hs_err_pid11844.jfr
#
# If you would like to submit a bug report, please visit:
#   https://bugreport.java.com/bugreport/crash.jsp
# The crash happened outside the Java Virtual Machine in native code.
# See problematic frame for where to report the bug.
#

---------------  S U M M A R Y ------------

Command Line: -XX:TieredStopAtLevel=1 -Dspring.output.ansi.enabled=always -Dcom.sun.management.jmxremote -Dspring.jmx.enabled=true -Dspring.liveBeansView.mbeanDomain -Dspring.application.admin.enabled=true -Dmanagement.endpoints.jmx.exposure.include=* -javaagent:C:\Users\LENOVO\AppData\Local\Programs\IntelliJ IDEA Ultimate\lib\idea_rt.jar=64246 -Dfile.encoding=UTF-8 -Dsun.stdout.encoding=UTF-8 -Dsun.stderr.encoding=UTF-8 Despertares.clinica_Despertares.ClinicaDespertaresApplication

Host: Intel(R) Core(TM) i3-8130U CPU @ 2.20GHz, 4 cores, 19G,  Windows 11 , 64 bit Build 26100 (10.0.26100.8328)
Time: Tue May 19 15:58:55 2026 Hora est. Pacífico, Sudamérica elapsed time: 51.297483 seconds (0d 0h 0m 51s)

---------------  T H R E A D  ---------------

Current thread (0x000001b3e80511f0):  JavaThread "Attach Listener" daemon [_thread_in_native, id=10808, stack(0x000000521ff00000,0x0000005220000000) (1024K)]

Stack: [0x000000521ff00000,0x0000005220000000],  sp=0x000000521ffff150,  free space=1020k
Native frames: (J=compiled Java code, j=interpreted, Vv=VM code, C=native code)
C  [libasyncProfiler.dll+0x926c4]  (no source info available)
C  [libasyncProfiler.dll+0x92b9b]  (no source info available)
C  [libasyncProfiler.dll+0x917f4]  (no source info available)
C  [libasyncProfiler.dll+0x9206a]  (no source info available)
C  [libasyncProfiler.dll+0x8cc21]  (no source info available)
C  [libasyncProfiler.dll+0x7e5e1]  (no source info available)
C  [libasyncProfiler.dll+0x7d2f8]  (no source info available)
C  [libasyncProfiler.dll+0x7d1e0]  (no source info available)
C  [libasyncProfiler.dll+0x841b9]  (no source info available)
V  [jvm.dll+0x57f1b7]  (no source info available)
V  [jvm.dll+0x57ff2c]  (no source info available)
V  [jvm.dll+0x14c9b7]  (no source info available)
V  [jvm.dll+0x14df81]  (no source info available)
V  [jvm.dll+0x42f566]  (no source info available)
V  [jvm.dll+0x87d8fb]  (no source info available)
V  [jvm.dll+0x72efe5]  (no source info available)
C  [ucrtbase.dll+0x37b0]  (no source info available)
C  [KERNEL32.DLL+0x2e957]  (no source info available)
C  [ntdll.dll+0x427c]  (no source info available)


siginfo: EXCEPTION_ACCESS_VIOLATION (0xc0000005), reading address 0xffffffffffffffff


Registers:
RAX=0x0000000000000010, RBX=0x0000000000000000, RCX=0xffffffffffffffff, RDX=0x007ff970062ff010
RSP=0x000000521ffff150, RBP=0x000001b3c72e2820, RSI=0x000000521ffff2c0, RDI=0x000001b3c72e2820
R8 =0x0000000000000042, R9 =0x00000006c1807320, R10=0x00007ff9702d9fc0, R11=0x000000000000001a
R12=0x000000521ffff2c0, R13=0x000001b3c561d1f0, R14=0x000001b3e80515b8, R15=0x000001b3e80515b8
RIP=0x00007ff9be6026c4, EFLAGS=0x0000000000010202

XMM[0]=0x0000000000000000 0x0000000000000000
XMM[1]=0x0000000000000000 0x0000000000000000
XMM[2]=0x0000000000000000 0x0000000000000000
XMM[3]=0x0000000000000000 0x0000000000000000
XMM[4]=0x0000000000000000 0x0000000000000000
XMM[5]=0x0000000000000000 0x0000000000000000
XMM[6]=0x0000000000000000 0x0000000000000000
XMM[7]=0x0000000000000000 0x0000000000000000
XMM[8]=0x0000000000000000 0x0000000000000000
XMM[9]=0x0000000000000000 0x0000000000000000
XMM[10]=0x0000000000000000 0x0000000000000000
XMM[11]=0x0000000000000000 0x0000000000000000
XMM[12]=0x0000000000000000 0x0000000000000000
XMM[13]=0x0000000000000000 0x0000000000000000
XMM[14]=0x0000000000000000 0x0000000000000000
XMM[15]=0x0000000000000000 0x0000000000000000
  MXCSR=0x00001fa0


Register to memory mapping:

RAX=0x0000000000000010 is an unknown value
RBX=0x0 is null
RCX=0xffffffffffffffff is an unknown value
RDX=0x007ff970062ff010 is an unknown value
RSP=0x000000521ffff150 is pointing into the stack for thread: 0x000001b3e80511f0
RBP=0x000001b3c72e2820 points into unknown readable memory: 0x00000006c1807320 | 20 73 80 c1 06 00 00 00
RSI=0x000000521ffff2c0 is pointing into the stack for thread: 0x000001b3e80511f0
RDI=0x000001b3c72e2820 points into unknown readable memory: 0x00000006c1807320 | 20 73 80 c1 06 00 00 00
R8 =0x0000000000000042 is an unknown value
R9 =0x00000006c1807320 is an oop: java.lang.ref.Reference$ReferenceHandler 
{0x00000006c1807320} - klass: 'java/lang/ref/Reference$ReferenceHandler' - flags: 

 - ---- fields (total size 14 words):
 - 'threadLocalRandomProbe' 'I' @12  0 (0x00000000)
 - private volatile 'eetop' 'J' @16  1872203390656 (0x000001b3e8049ec0)
 - private final 'tid' 'J' @24  13 (0x000000000000000d)
 - 'threadLocalRandomSeed' 'J' @32  0 (0x0000000000000000)
 - injected 'jvmti_thread_state' 'J' @40  1871622496176 (0x000001b3c564dfb0)
 - 'threadLocalRandomSecondarySeed' 'I' @48  0 (0x00000000)
 - injected 'jvmti_VTMS_transition_disable_count' 'I' @52  0 (0x00000000)
 - injected 'jfr_epoch' 'S' @56  0 (0x0000)
 - volatile 'interrupted' 'Z' @58  false (0x00)
 - injected 'jvmti_is_in_VTMS_transition' 'Z' @59  false (0x00)
 - private volatile 'name' 'Ljava/lang/String;' @60  "Reference Handler"{0x00000006c2141d68} (0xd84283ad)
 - private volatile 'contextClassLoader' 'Ljava/lang/ClassLoader;' @64  null (0x00000000)
 - private final 'holder' 'Ljava/lang/Thread$FieldHolder;' @68  a 'java/lang/Thread$FieldHolder'{0x00000006c2801278} (0xd850024f)
 - 'threadLocals' 'Ljava/lang/ThreadLocal$ThreadLocalMap;' @72  null (0x00000000)
 - 'inheritableThreadLocals' 'Ljava/lang/ThreadLocal$ThreadLocalMap;' @76  null (0x00000000)
 - private 'scopedValueBindings' 'Ljava/lang/Object;' @80  a 'java/lang/Class'{0x00000006c20acea8} = 'java/lang/Thread' (0xd84159d5)
 - final 'interruptLock' 'Ljava/lang/Object;' @84  a 'java/lang/Object'{0x00000006c2801268} (0xd850024d)
 - private volatile 'parkBlocker' 'Ljava/lang/Object;' @88  null (0x00000000)
 - private 'nioBlocker' 'Lsun/nio/ch/Interruptible;' @92  null (0x00000000)
 - private 'cont' 'Ljdk/internal/vm/Continuation;' @96  null (0x00000000)
 - private volatile 'uncaughtExceptionHandler' 'Ljava/lang/Thread$UncaughtExceptionHandler;' @100  null (0x00000000)
 - private 'container' 'Ljdk/internal/vm/ThreadContainer;' @104  null (0x00000000)
 - private volatile 'headStackableScopes' 'Ljdk/internal/vm/StackableScope;' @108  null (0x00000000)
R10=0x00007ff9702d9fc0 jvm.dll
R11=0x000000000000001a is an unknown value
R12=0x000000521ffff2c0 is pointing into the stack for thread: 0x000001b3e80511f0
R13=0x000001b3c561d1f0 points into unknown readable memory: 0x00007ff97024a510 | 10 a5 24 70 f9 7f 00 00
R14=0x000001b3e80515b8 points into unknown readable memory: 0x00007ff9702417b0 | b0 17 24 70 f9 7f 00 00
R15=0x000001b3e80515b8 points into unknown readable memory: 0x00007ff9702417b0 | b0 17 24 70 f9 7f 00 00

Top of Stack: (sp=0x000000521ffff150)
0x000000521ffff150:   000000521ffff2c0 000001b3c72e2820   ....R... (......
0x000000521ffff160:   0000000000000000 000001b3e8051940   ........@.......
0x000000521ffff170:   0000000000000036 00007ff9be602b9b   6........+`.....
0x000000521ffff180:   0000000000000000 000001b3e80515b8   ................
0x000000521ffff190:   000000521ffff201 0000000000000000   ....R...........
0x000000521ffff1a0:   000001b3c6f86af0 00007ff9be6017f4   .j........`.....
0x000000521ffff1b0:   0000000000000000 0000000000000036   ........6.......
0x000000521ffff1c0:   0000000000000000 0000000000000036   ........6.......
0x000000521ffff1d0:   00000021c9e29040 000001b3c6f83a10   @...!....:......
0x000000521ffff1e0:   000001b3c6f86af0 000001b3c6f86bc8   .j.......k......
0x000000521ffff1f0:   000001b3c6f86bec 00000000000031d0   .k.......1......
0x000000521ffff200:   0000000000000000 0000000000000000   ................
0x000000521ffff210:   0000000000000000 00007ff96faa58e4   .........X.o....
0x000000521ffff220:   00007ff9be744ca0 0000000000002e44   .Lt.....D.......
0x000000521ffff230:   00007ff9be744ca0 00000000ffffffff   .Lt.............
0x000000521ffff240:   0000000000000000 00007ff9be60206a   ........j `.....
0x000000521ffff250:   000001b3e80515b8 0000000000000000   ................
0x000000521ffff260:   000000521ffff2c9 000001b3c561d1f0   ....R.....a.....
0x000000521ffff270:   0000000000000004 0000000000000048   ........H.......
0x000000521ffff280:   0000000800800310 0000000000000020   ........ .......
0x000000521ffff290:   000001b3e80515b8 00007ff9be744ca0   .........Lt.....
0x000000521ffff2a0:   000001b3e80583f0 000001b3c564dfb0   ..........d.....
0x000000521ffff2b0:   0000000800800390 000001b3e80515b8   ................
0x000000521ffff2c0:   000001b3c8ec65f0 000001b3c8ec6cb0   .e.......l......
0x000000521ffff2d0:   000001b3c8ec6cb0 00007ff9be744ca0   .l.......Lt.....
0x000000521ffff2e0:   000001b3c5779468 000000521ffff458   h.w.....X...R...
0x000000521ffff2f0:   000000521ffff590 0000000000008840   ....R...@.......
0x000000521ffff300:   000000521ffff770 00007ff9be744cf0   p...R....Lt.....
0x000000521ffff310:   0000000000989680 0000000000989680   ................
0x000000521ffff320:   000000521ffff430 00007ff9be5fcc21   0...R...!._.....
0x000000521ffff330:   00007ff9be744ca0 00007ff9be744cf8   .Lt......Lt.....
0x000000521ffff340:   00007ff900000000 00007ff900000001   ................

Instructions: (pc=0x00007ff9be6026c4)
  0x00007ff9be6025c4:   cc cc cc cc cc cc cc cc cc cc cc cc cc cc cc cc
  0x00007ff9be6025d4:   cc cc cc cc cc cc cc cc cc cc cc cc cc cc cc cc
  0x00007ff9be6025e4:   cc cc cc cc cc cc cc cc cc cc cc cc cc cc cc cc
  0x00007ff9be6025f4:   cc cc cc cc cc cc cc cc cc cc cc cc cc cc cc cc
  0x00007ff9be602604:   cc cc cc cc cc cc cc cc cc cc cc cc cc cc cc cc
  0x00007ff9be602614:   cc cc cc cc cc cc cc cc cc cc cc cc cc cc cc cc
  0x00007ff9be602624:   cc cc cc cc cc cc cc cc cc cc cc cc cc cc cc cc
  0x00007ff9be602634:   cc cc cc cc cc cc cc cc cc cc cc cc cc cc cc cc
  0x00007ff9be602644:   cc cc cc cc cc cc cc cc cc cc cc cc 40 57 48 83
  0x00007ff9be602654:   ec 20 48 8b f9 48 8b 0d 10 28 14 00 48 85 c9 74
  0x00007ff9be602664:   20 48 8b 01 48 8d 54 24 38 41 b8 06 00 01 00 4c
  0x00007ff9be602674:   8b 48 30 41 ff d1 85 c0 75 07 48 8b 4c 24 38 eb
  0x00007ff9be602684:   02 33 c9 4c 8b 05 ea 28 14 00 48 89 5c 24 30 4d
  0x00007ff9be602694:   85 c0 74 4a 48 8b 01 48 8b d7 4c 8b 88 28 03 00
  0x00007ff9be6026a4:   00 41 ff d1 48 85 c0 74 35 48 63 0d f8 e6 13 00
  0x00007ff9be6026b4:   48 8b 14 01 48 85 d2 74 15 48 63 05 fc e6 13 00
=>0x00007ff9be6026c4:   8b 04 10 48 8b 5c 24 30 48 83 c4 20 5f c3 b8 ff
  0x00007ff9be6026d4:   ff ff ff 48 8b 5c 24 30 48 83 c4 20 5f c3 80 3d
  0x00007ff9be6026e4:   9b 27 14 00 00 bb ff ff ff ff 74 20 4c 8b 0d 31
  0x00007ff9be6026f4:   24 14 00 4c 8d 44 24 38 48 8b 0d 15 24 14 00 48
  0x00007ff9be602704:   8b d7 41 ff d1 85 c0 0f 44 5c 24 38 8b c3 48 8b
  0x00007ff9be602714:   5c 24 30 48 83 c4 20 5f c3 cc cc cc cc cc cc cc
  0x00007ff9be602724:   cc cc cc cc cc cc cc cc cc cc cc cc cc cc cc cc
  0x00007ff9be602734:   cc cc cc cc cc cc cc cc cc cc cc cc cc cc cc cc
  0x00007ff9be602744:   cc cc cc cc cc cc cc cc cc cc cc cc 48 89 54 24
  0x00007ff9be602754:   10 53 55 56 57 41 56 41 57 48 83 ec 28 48 8b f2
  0x00007ff9be602764:   4c 8b f1 48 89 4c 24 78 45 33 ff 44 89 7c 24 68
  0x00007ff9be602774:   c7 44 24 60 01 00 00 00 48 8d 4c 24 68 e8 ed 42
  0x00007ff9be602784:   f7 ff 8b d8 48 8d 4c 24 60 e8 e1 42 f7 ff 8b e8
  0x00007ff9be602794:   49 8b ce e8 00 fc f6 ff 48 8b f8 90 8b c3 f0 0f
  0x00007ff9be6027a4:   b1 2f 74 04 f3 90 eb f4 4c 89 3e 4c 89 7e 08 4c
  0x00007ff9be6027b4:   89 7e 10 49 8b 6e 08 4d 8b 76 10 49 3b ee 0f 84


Stack slot to memory mapping:

stack at sp + 0 slots: 0x000000521ffff2c0 is pointing into the stack for thread: 0x000001b3e80511f0
stack at sp + 1 slots: 0x000001b3c72e2820 points into unknown readable memory: 0x00000006c1807320 | 20 73 80 c1 06 00 00 00
stack at sp + 2 slots: 0x0 is null
stack at sp + 3 slots: 0x000001b3e8051940 points into unknown readable memory: 0x6e616c2e6176616a | 6a 61 76 61 2e 6c 61 6e
stack at sp + 4 slots: 0x0000000000000036 is an unknown value
stack at sp + 5 slots: 0x00007ff9be602b9b libasyncProfiler.dll
stack at sp + 6 slots: 0x0 is null
stack at sp + 7 slots: 0x000001b3e80515b8 points into unknown readable memory: 0x00007ff9702417b0 | b0 17 24 70 f9 7f 00 00

Lock stack of current Java thread (top to bottom):


---------------  P R O C E S S  ---------------

Threads class SMR info:
_java_thread_list=0x000001b3c59be890, length=37, elements={
0x000001b3e8049ec0, 0x000001b3e804b6e0, 0x000001b3e80506c0, 0x000001b3e80511f0,
0x000001b3e8051d20, 0x000001b3e8052850, 0x000001b3e8053380, 0x000001b3e80bdb00,
0x000001b3c5a56f50, 0x000001b3c5a5b6a0, 0x000001b3c5b83ba0, 0x000001b3c5be9550,
0x000001b3c5b9c7e0, 0x000001b3c5bf1e70, 0x000001b3c5bf2ff0, 0x000001b3c5c3be10,
0x000001b3c5bfc9c0, 0x000001b3c5bfd110, 0x000001b3c6a01de0, 0x000001b3c6a02c80,
0x000001b3c6a00f40, 0x000001b3c6a01690, 0x000001b3c6a000a0, 0x000001b3c6a02530,
0x000001b3c6a007f0, 0x000001b3c561c150, 0x000001b3c5618e20, 0x000001b3c561a410,
0x000001b3c5619570, 0x000001b3c561ba00, 0x000001b3c5619cc0, 0x000001b3c561ab60,
0x000001b3c561b2b0, 0x000001b3c6db8530, 0x000001b3c6db7de0, 0x000001b3c811cce0,
0x000001b3c6db6f40
}

Java Threads: ( => current thread )
  0x000001b3e8049ec0 JavaThread "Reference Handler"          daemon [_thread_blocked, id=23616, stack(0x000000521fc00000,0x000000521fd00000) (1024K)]
  0x000001b3e804b6e0 JavaThread "Finalizer"                  daemon [_thread_blocked, id=22440, stack(0x000000521fd00000,0x000000521fe00000) (1024K)]
  0x000001b3e80506c0 JavaThread "Signal Dispatcher"          daemon [_thread_blocked, id=21196, stack(0x000000521fe00000,0x000000521ff00000) (1024K)]
=>0x000001b3e80511f0 JavaThread "Attach Listener"            daemon [_thread_in_native, id=10808, stack(0x000000521ff00000,0x0000005220000000) (1024K)]
  0x000001b3e8051d20 JavaThread "Service Thread"             daemon [_thread_blocked, id=21872, stack(0x0000005220000000,0x0000005220100000) (1024K)]
  0x000001b3e8052850 JavaThread "Monitor Deflation Thread"   daemon [_thread_blocked, id=24276, stack(0x0000005220100000,0x0000005220200000) (1024K)]
  0x000001b3e8053380 JavaThread "C1 CompilerThread0"         daemon [_thread_blocked, id=15180, stack(0x0000005220200000,0x0000005220300000) (1024K)]
  0x000001b3e80bdb00 JavaThread "Common-Cleaner"             daemon [_thread_blocked, id=17224, stack(0x0000005220300000,0x0000005220400000) (1024K)]
  0x000001b3c5a56f50 JavaThread "Monitor Ctrl-Break"         daemon [_thread_in_native, id=24180, stack(0x0000005220700000,0x0000005220800000) (1024K)]
  0x000001b3c5a5b6a0 JavaThread "Notification Thread"        daemon [_thread_blocked, id=19908, stack(0x0000005220800000,0x0000005220900000) (1024K)]
  0x000001b3c5b83ba0 JavaThread "RMI TCP Accept-0"           daemon [_thread_in_native, id=828, stack(0x0000005220600000,0x0000005220700000) (1024K)]
  0x000001b3c5be9550 JavaThread "RMI TCP Connection(1)-172.16.0.2" daemon [_thread_in_native, id=11424, stack(0x0000005220900000,0x0000005220a00000) (1024K)]
  0x000001b3c5b9c7e0 JavaThread "RMI TCP Connection(idle)"   daemon [_thread_blocked, id=23576, stack(0x0000005220a00000,0x0000005220b00000) (1024K)]
  0x000001b3c5bf1e70 JavaThread "RMI Scheduler(0)"           daemon [_thread_blocked, id=17480, stack(0x0000005220c00000,0x0000005220d00000) (1024K)]
  0x000001b3c5bf2ff0 JavaThread "JMX server connection timeout 31" daemon [_thread_blocked, id=19756, stack(0x0000005220d00000,0x0000005220e00000) (1024K)]
  0x000001b3c5c3be10 JavaThread "RMI TCP Connection(idle)"   daemon [_thread_blocked, id=20512, stack(0x0000005220e00000,0x0000005220f00000) (1024K)]
  0x000001b3c5bfc9c0 JavaThread "Catalina-utility-1"                [_thread_blocked, id=13788, stack(0x0000005221100000,0x0000005221200000) (1024K)]
  0x000001b3c5bfd110 JavaThread "Catalina-utility-2"                [_thread_blocked, id=11496, stack(0x0000005221300000,0x0000005221400000) (1024K)]
  0x000001b3c6a01de0 JavaThread "container-0"                       [_thread_blocked, id=2200, stack(0x0000005221400000,0x0000005221500000) (1024K)]
  0x000001b3c6a02c80 JavaThread "Cleaner-0"                  daemon [_thread_blocked, id=4620, stack(0x0000005221600000,0x0000005221700000) (1024K)]
  0x000001b3c6a00f40 JavaThread "HikariPool-1:housekeeper"   daemon [_thread_blocked, id=2440, stack(0x0000005221700000,0x0000005221800000) (1024K)]
  0x000001b3c6a01690 JavaThread "http-nio-8080-exec-1"       daemon [_thread_blocked, id=25516, stack(0x0000005221900000,0x0000005221a00000) (1024K)]
  0x000001b3c6a000a0 JavaThread "http-nio-8080-exec-2"       daemon [_thread_blocked, id=13664, stack(0x0000005221a00000,0x0000005221b00000) (1024K)]
  0x000001b3c6a02530 JavaThread "http-nio-8080-exec-3"       daemon [_thread_blocked, id=16744, stack(0x0000005221b00000,0x0000005221c00000) (1024K)]
  0x000001b3c6a007f0 JavaThread "http-nio-8080-exec-4"       daemon [_thread_blocked, id=9532, stack(0x0000005221c00000,0x0000005221d00000) (1024K)]
  0x000001b3c561c150 JavaThread "http-nio-8080-exec-5"       daemon [_thread_blocked, id=17392, stack(0x0000005221d00000,0x0000005221e00000) (1024K)]
  0x000001b3c5618e20 JavaThread "http-nio-8080-exec-6"       daemon [_thread_blocked, id=13868, stack(0x0000005221e00000,0x0000005221f00000) (1024K)]
  0x000001b3c561a410 JavaThread "http-nio-8080-exec-7"       daemon [_thread_blocked, id=14436, stack(0x0000005221f00000,0x0000005222000000) (1024K)]
  0x000001b3c5619570 JavaThread "http-nio-8080-exec-8"       daemon [_thread_blocked, id=8772, stack(0x0000005222000000,0x0000005222100000) (1024K)]
  0x000001b3c561ba00 JavaThread "http-nio-8080-exec-9"       daemon [_thread_blocked, id=18268, stack(0x0000005222100000,0x0000005222200000) (1024K)]
  0x000001b3c5619cc0 JavaThread "http-nio-8080-exec-10"      daemon [_thread_blocked, id=17240, stack(0x0000005222200000,0x0000005222300000) (1024K)]
  0x000001b3c561ab60 JavaThread "http-nio-8080-Poller"       daemon [_thread_in_native, id=3316, stack(0x0000005222300000,0x0000005222400000) (1024K)]
  0x000001b3c561b2b0 JavaThread "http-nio-8080-Acceptor"     daemon [_thread_in_native, id=7064, stack(0x0000005222400000,0x0000005222500000) (1024K)]
  0x000001b3c6db8530 JavaThread "DestroyJavaVM"                     [_thread_blocked, id=3680, stack(0x000000521f400000,0x000000521f500000) (1024K)]
  0x000001b3c6db7de0 JavaThread "JFR Recorder Thread"        daemon [_thread_in_native, id=14480, stack(0x0000005221800000,0x0000005221900000) (1024K)]
  0x000001b3c811cce0 JavaThread "C1 CompilerThread1"         daemon [_thread_blocked, id=9988, stack(0x0000005222500000,0x0000005222600000) (1024K)]
  0x000001b3c6db6f40 JavaThread "JFR Periodic Tasks"         daemon [_thread_blocked, id=12752, stack(0x0000005222600000,0x0000005222700000) (1024K)]
Total: 37

Other Threads:
  0x000001b3e8037930 VMThread "VM Thread"                           [id=1832, stack(0x000000521fb00000,0x000000521fc00000) (1024K)]
  0x000001b3e802bfc0 WatcherThread "VM Periodic Task Thread"        [id=5912, stack(0x000000521fa00000,0x000000521fb00000) (1024K)]
  0x000001b3d3fac240 WorkerThread "GC Thread#0"                     [id=24688, stack(0x000000521f500000,0x000000521f600000) (1024K)]
  0x000001b3c5cd6a00 WorkerThread "GC Thread#1"                     [id=5828, stack(0x0000005220b00000,0x0000005220c00000) (1024K)]
  0x000001b3c5cc7840 WorkerThread "GC Thread#2"                     [id=13168, stack(0x0000005220f00000,0x0000005221000000) (1024K)]
  0x000001b3c5cde1b0 WorkerThread "GC Thread#3"                     [id=4208, stack(0x0000005221000000,0x0000005221100000) (1024K)]
  0x000001b3d3fb9940 ConcurrentGCThread "G1 Main Marker"            [id=10304, stack(0x000000521f600000,0x000000521f700000) (1024K)]
  0x000001b3d3fba360 WorkerThread "G1 Conc#0"                       [id=20896, stack(0x000000521f700000,0x000000521f800000) (1024K)]
  0x000001b3d3fee170 ConcurrentGCThread "G1 Refine#0"               [id=8884, stack(0x000000521f800000,0x000000521f900000) (1024K)]
  0x000001b3e7ef64f0 ConcurrentGCThread "G1 Service"                [id=19320, stack(0x000000521f900000,0x000000521fa00000) (1024K)]
Total: 10

Threads with active compile tasks:
Total: 0

VM state: not at safepoint (normal execution)

VM Mutex/Monitor currently owned by a thread: None

Heap address: 0x00000006c1400000, size: 5100 MB, Compressed Oops mode: Zero based, Oop shift amount: 3

CDS archive(s) mapped at: [0x000001b380000000-0x000001b380d40000-0x000001b380d40000), size 13893632, SharedBaseAddress: 0x000001b380000000, ArchiveRelocationMode: 1.
Compressed class space mapped at: 0x000001b381000000-0x000001b3c1000000, reserved size: 1073741824
UseCompressedClassPointers 1, UseCompactObjectHeaders 0
Narrow klass pointer bits 32, Max shift 3
Narrow klass base: 0x000001b380000000, Narrow klass shift: 0
Encoding Range: [0x000001b380000000 - 0x000001b480000000), (4294967296 bytes)
Klass Range:    [0x000001b380000000 - 0x000001b3c1000000), (1090519040 bytes)
Klass ID Range:  [8 - 1090519033) (1090519025)

GC Precious Log:
 CardTable entry size: 512
 Card Set container configuration: InlinePtr #cards 4 size 8 Array Of Cards #cards 32 size 80 Howl #buckets 8 coarsen threshold 7372 Howl Bitmap #cards 1024 size 144 coarsen threshold 921 Card regions per heap region 1 cards per card region 8192
 CPUs: 4 total, 4 available
 Memory: 20389M
 Large Page Support: Disabled
 NUMA Support: Disabled
 Compressed Oops: Enabled (Zero based)
 Heap Region Size: 4M
 Heap Min Capacity: 8M
 Heap Initial Capacity: 320M
 Heap Max Capacity: 5100M
 Pre-touch: Disabled
 Parallel Workers: 4
 Concurrent Workers: 1
 Concurrent Refinement Workers: 4
 Periodic GC: Disabled

Heap:
 garbage-first heap   total reserved 5222400K, committed 69632K, used 37996K [0x00000006c1400000, 0x0000000800000000)
  region size 4096K, 6 young (24576K), 2 survivors (8192K)
 Metaspace       used 50197K, committed 50752K, reserved 1114112K
  class space    used 5609K, committed 5824K, reserved 1048576K

Heap Regions: E=young(eden), S=young(survivor), O=old, HS=humongous(starts), HC=humongous(continues), CS=collection set, F=free, TAMS=top-at-mark-start, PB=parsable bottom
|   0|0x00000006c1400000, 0x00000006c1400000, 0x00000006c1800000|  0%| F|  |TAMS 0x00000006c1400000| PB 0x00000006c1400000| Untracked |  0
|   1|0x00000006c1800000, 0x00000006c1c00000, 0x00000006c1c00000|100%| O|  |TAMS 0x00000006c1800000| PB 0x00000006c1800000| Untracked |  0
|   2|0x00000006c1c00000, 0x00000006c2000000, 0x00000006c2000000|100%| O|  |TAMS 0x00000006c1c00000| PB 0x00000006c1c00000| Untracked |  0
|   3|0x00000006c2000000, 0x00000006c2400000, 0x00000006c2400000|100%| O|  |TAMS 0x00000006c2000000| PB 0x00000006c2000000| Untracked |  0
|   4|0x00000006c2400000, 0x00000006c2800000, 0x00000006c2800000|100%| O|  |TAMS 0x00000006c2400000| PB 0x00000006c2400000| Untracked |  0
|   5|0x00000006c2800000, 0x00000006c2b7e7e8, 0x00000006c2c00000| 87%| O|  |TAMS 0x00000006c2800000| PB 0x00000006c2800000| Untracked |  0
|   6|0x00000006c2c00000, 0x00000006c2d9cb08, 0x00000006c3000000| 40%| S|CS|TAMS 0x00000006c2c00000| PB 0x00000006c2c00000| Complete |  0
|   7|0x00000006c3000000, 0x00000006c3400000, 0x00000006c3400000|100%| S|CS|TAMS 0x00000006c3000000| PB 0x00000006c3000000| Complete |  0
|   8|0x00000006c3400000, 0x00000006c3400000, 0x00000006c3800000|  0%| F|  |TAMS 0x00000006c3400000| PB 0x00000006c3400000| Untracked |  0
|   9|0x00000006c3800000, 0x00000006c3800000, 0x00000006c3c00000|  0%| F|  |TAMS 0x00000006c3800000| PB 0x00000006c3800000| Untracked |  0
|  10|0x00000006c3c00000, 0x00000006c3c00000, 0x00000006c4000000|  0%| F|  |TAMS 0x00000006c3c00000| PB 0x00000006c3c00000| Untracked |  0
|  11|0x00000006c4000000, 0x00000006c4000000, 0x00000006c4400000|  0%| F|  |TAMS 0x00000006c4000000| PB 0x00000006c4000000| Untracked |  0
|  60|0x00000006d0400000, 0x00000006d0400000, 0x00000006d0800000|  0%| F|  |TAMS 0x00000006d0400000| PB 0x00000006d0400000| Untracked |  0
|  61|0x00000006d0800000, 0x00000006d0b0af28, 0x00000006d0c00000| 76%| E|  |TAMS 0x00000006d0800000| PB 0x00000006d0800000| Complete |  0
|  62|0x00000006d0c00000, 0x00000006d1000000, 0x00000006d1000000|100%| E|CS|TAMS 0x00000006d0c00000| PB 0x00000006d0c00000| Complete |  0
|  79|0x00000006d5000000, 0x00000006d5400000, 0x00000006d5400000|100%| E|CS|TAMS 0x00000006d5000000| PB 0x00000006d5000000| Complete |  0
|1274|0x00000007ffc00000, 0x0000000800000000, 0x0000000800000000|100%| E|CS|TAMS 0x00000007ffc00000| PB 0x00000007ffc00000| Complete |  0

Card table byte_map: [0x000001b3e01d0000,0x000001b3e0bd0000] _byte_map_base: 0x000001b3dcbc6000

Marking Bits: (CMBitMap*) 0x000001b3d3fac860
 Bits: [0x000001b3e0bd0000, 0x000001b3e5b80000)

Polling page: 0x000001b3d3700000

Metaspace:

Usage:
  Non-class:     43.54 MB used.
      Class:      5.48 MB used.
       Both:     49.02 MB used.

Virtual space:
  Non-class space:       64.00 MB reserved,      43.88 MB ( 69%) committed,  1 nodes.
      Class space:        1.00 GB reserved,       5.69 MB ( <1%) committed,  1 nodes.
             Both:        1.06 GB reserved,      49.56 MB (  5%) committed. 

Chunk freelists:
   Non-Class:  4.09 MB
       Class:  10.23 MB
        Both:  14.32 MB

MaxMetaspaceSize: unlimited
CompressedClassSpaceSize: 1.00 GB
Initial GC threshold: 21.00 MB
Current GC threshold: 58.75 MB
CDS: on
 - commit_granule_bytes: 65536.
 - commit_granule_words: 8192.
 - virtual_space_node_default_size: 8388608.
 - enlarge_chunks_in_place: 1.
UseCompressedClassPointers 1, UseCompactObjectHeaders 0
Narrow klass pointer bits 32, Max shift 3
Narrow klass base: 0x000001b380000000, Narrow klass shift: 0
Encoding Range: [0x000001b380000000 - 0x000001b480000000), (4294967296 bytes)
Klass Range:    [0x000001b380000000 - 0x000001b3c1000000), (1090519040 bytes)
Klass ID Range:  [8 - 1090519033) (1090519025)


Internal statistics:

num_allocs_failed_limit: 6.
num_arena_births: 666.
num_arena_deaths: 6.
num_vsnodes_births: 2.
num_vsnodes_deaths: 0.
num_space_committed: 793.
num_space_uncommitted: 0.
num_chunks_returned_to_freelist: 14.
num_chunks_taken_from_freelist: 2323.
num_chunk_merges: 6.
num_chunk_splits: 1694.
num_chunks_enlarged: 1364.
num_inconsistent_stats: 0.

CodeCache: size=49152Kb used=8238Kb max_used=8408Kb free=40913Kb
 bounds [0x000001b3dc7d0000, 0x000001b3dd010000, 0x000001b3df7d0000]
 total_blobs=5960, nmethods=5344, adapters=541, full_count=0
Compilation: enabled, stopped_count=0, restarted_count=0

Compilation events (20 events):
Event: 51.205 Thread 0x000001b3e8053380 nmethod 5373 0x000001b3dc9e7a08 code [0x000001b3dc9e7b00, 0x000001b3dc9e7bc8]
Event: 51.205 Thread 0x000001b3c811cce0 nmethod 5374 0x000001b3dc9e7708 code [0x000001b3dc9e7820, 0x000001b3dc9e78e8]
Event: 51.205 Thread 0x000001b3c811cce0 5376       1       jdk.jfr.internal.EventControl::getEventType (5 bytes)
Event: 51.205 Thread 0x000001b3e8053380 5377       1       jdk.jfr.internal.EventControl::getSettingsId (5 bytes)
Event: 51.205 Thread 0x000001b3e8053380 nmethod 5377 0x000001b3dc9e7408 code [0x000001b3dc9e7500, 0x000001b3dc9e75c8]
Event: 51.205 Thread 0x000001b3e8053380 5380   !   1       jdk.jfr.internal.Control::setValue (102 bytes)
Event: 51.205 Thread 0x000001b3c811cce0 nmethod 5376 0x000001b3dc9e7108 code [0x000001b3dc9e7200, 0x000001b3dc9e72c8]
Event: 51.205 Thread 0x000001b3c811cce0 5378       1       jdk.jfr.internal.EventControl::getNamedControls (5 bytes)
Event: 51.205 Thread 0x000001b3c811cce0 nmethod 5378 0x000001b3dc9e6e08 code [0x000001b3dc9e6f00, 0x000001b3dc9e6fc8]
Event: 51.205 Thread 0x000001b3c811cce0 5379       1       jdk.jfr.internal.PlatformEventType::isEnabled (5 bytes)
Event: 51.205 Thread 0x000001b3c811cce0 nmethod 5379 0x000001b3dc9e6b08 code [0x000001b3dc9e6c00, 0x000001b3dc9e6cc8]
Event: 51.206 Thread 0x000001b3c811cce0 5381       1       jdk.jfr.internal.SettingsManager$InternalSetting::getValues (35 bytes)
Event: 51.206 Thread 0x000001b3c811cce0 nmethod 5381 0x000001b3dc9e6788 code [0x000001b3dc9e68c0, 0x000001b3dc9e6ac8]
Event: 51.206 Thread 0x000001b3c811cce0 5382       1       jdk.jfr.internal.Control::apply (10 bytes)
Event: 51.206 Thread 0x000001b3c811cce0 nmethod 5382 0x000001b3dc9e6488 code [0x000001b3dc9e65a0, 0x000001b3dc9e66b0]
Event: 51.206 Thread 0x000001b3e8053380 nmethod 5380 0x000001b3dc9e5b88 code [0x000001b3dc9e5d80, 0x000001b3dc9e6410]
Event: 51.213 Thread 0x000001b3e8053380 5383       1       jdk.jfr.internal.periodic.EventTask::getEventType (5 bytes)
Event: 51.214 Thread 0x000001b3e8053380 nmethod 5383 0x000001b3dc9e5888 code [0x000001b3dc9e5980, 0x000001b3dc9e5a48]
Event: 51.215 Thread 0x000001b3e8053380 5384       1       jdk.jfr.internal.periodic.PeriodicTask::getPeriod (5 bytes)
Event: 51.216 Thread 0x000001b3e8053380 nmethod 5384 0x000001b3dc9e5588 code [0x000001b3dc9e5680, 0x000001b3dc9e5748]

GC Heap History (16 events):
Event: 1.547 GC heap before
{Heap before GC invocations=0 (full 0):
 garbage-first heap   total reserved 5222400K, committed 331776K, used 25716K [0x00000006c1400000, 0x0000000800000000)
  region size 4096K, 7 young (28672K), 0 survivors (0K)
 Metaspace       used 7071K, committed 7360K, reserved 1114112K
  class space    used 709K, committed 832K, reserved 1048576K
}
Event: 1.553 GC heap after
{Heap after GC invocations=1 (full 0):
 garbage-first heap   total reserved 5222400K, committed 331776K, used 8849K [0x00000006c1400000, 0x0000000800000000)
  region size 4096K, 1 young (4096K), 1 survivors (4096K)
 Metaspace       used 7071K, committed 7360K, reserved 1114112K
  class space    used 709K, committed 832K, reserved 1048576K
}
Event: 2.933 GC heap before
{Heap before GC invocations=1 (full 0):
 garbage-first heap   total reserved 5222400K, committed 331776K, used 66193K [0x00000006c1400000, 0x0000000800000000)
  region size 4096K, 17 young (69632K), 1 survivors (4096K)
 Metaspace       used 21210K, committed 21504K, reserved 1114112K
  class space    used 2302K, committed 2432K, reserved 1048576K
}
Event: 2.943 GC heap after
{Heap after GC invocations=2 (full 0):
 garbage-first heap   total reserved 5222400K, committed 331776K, used 14405K [0x00000006c1400000, 0x0000000800000000)
  region size 4096K, 3 young (12288K), 3 survivors (12288K)
 Metaspace       used 21210K, committed 21504K, reserved 1114112K
  class space    used 2302K, committed 2432K, reserved 1048576K
}
Event: 3.765 GC heap before
{Heap before GC invocations=3 (full 0):
 garbage-first heap   total reserved 5222400K, committed 69632K, used 43077K [0x00000006c1400000, 0x0000000800000000)
  region size 4096K, 10 young (40960K), 3 survivors (12288K)
 Metaspace       used 24144K, committed 24512K, reserved 1114112K
  class space    used 2653K, committed 2816K, reserved 1048576K
}
Event: 3.780 GC heap after
{Heap after GC invocations=4 (full 0):
 garbage-first heap   total reserved 5222400K, committed 69632K, used 16270K [0x00000006c1400000, 0x0000000800000000)
  region size 4096K, 1 young (4096K), 1 survivors (4096K)
 Metaspace       used 24144K, committed 24512K, reserved 1114112K
  class space    used 2653K, committed 2816K, reserved 1048576K
}
Event: 4.363 GC heap before
{Heap before GC invocations=4 (full 0):
 garbage-first heap   total reserved 5222400K, committed 69632K, used 40846K [0x00000006c1400000, 0x0000000800000000)
  region size 4096K, 7 young (28672K), 1 survivors (4096K)
 Metaspace       used 27861K, committed 28352K, reserved 1114112K
  class space    used 3128K, committed 3328K, reserved 1048576K
}
Event: 4.380 GC heap after
{Heap after GC invocations=5 (full 0):
 garbage-first heap   total reserved 5222400K, committed 69632K, used 18004K [0x00000006c1400000, 0x0000000800000000)
  region size 4096K, 1 young (4096K), 1 survivors (4096K)
 Metaspace       used 27861K, committed 28352K, reserved 1114112K
  class space    used 3128K, committed 3328K, reserved 1048576K
}
Event: 5.182 GC heap before
{Heap before GC invocations=5 (full 0):
 garbage-first heap   total reserved 5222400K, committed 69632K, used 46676K [0x00000006c1400000, 0x0000000800000000)
  region size 4096K, 8 young (32768K), 1 survivors (4096K)
 Metaspace       used 34154K, committed 34624K, reserved 1114112K
  class space    used 3821K, committed 4032K, reserved 1048576K
}
Event: 5.190 GC heap after
{Heap after GC invocations=6 (full 0):
 garbage-first heap   total reserved 5222400K, committed 69632K, used 20052K [0x00000006c1400000, 0x0000000800000000)
  region size 4096K, 1 young (4096K), 1 survivors (4096K)
 Metaspace       used 34154K, committed 34624K, reserved 1114112K
  class space    used 3821K, committed 4032K, reserved 1048576K
}
Event: 5.458 GC heap before
{Heap before GC invocations=6 (full 0):
 garbage-first heap   total reserved 5222400K, committed 69632K, used 24148K [0x00000006c1400000, 0x0000000800000000)
  region size 4096K, 3 young (12288K), 1 survivors (4096K)
 Metaspace       used 35511K, committed 35968K, reserved 1114112K
  class space    used 3996K, committed 4224K, reserved 1048576K
}
Event: 5.468 GC heap after
{Heap after GC invocations=7 (full 0):
 garbage-first heap   total reserved 5222400K, committed 69632K, used 20238K [0x00000006c1400000, 0x0000000800000000)
  region size 4096K, 1 young (4096K), 1 survivors (4096K)
 Metaspace       used 35511K, committed 35968K, reserved 1114112K
  class space    used 3996K, committed 4224K, reserved 1048576K
}
Event: 7.033 GC heap before
{Heap before GC invocations=8 (full 0):
 garbage-first heap   total reserved 5222400K, committed 69632K, used 48910K [0x00000006c1400000, 0x0000000800000000)
  region size 4096K, 8 young (32768K), 1 survivors (4096K)
 Metaspace       used 43521K, committed 44032K, reserved 1114112K
  class space    used 4778K, committed 4992K, reserved 1048576K
}
Event: 7.040 GC heap after
{Heap after GC invocations=9 (full 0):
 garbage-first heap   total reserved 5222400K, committed 69632K, used 22263K [0x00000006c1400000, 0x0000000800000000)
  region size 4096K, 1 young (4096K), 1 survivors (4096K)
 Metaspace       used 43521K, committed 44032K, reserved 1114112K
  class space    used 4778K, committed 4992K, reserved 1048576K
}
Event: 7.740 GC heap before
{Heap before GC invocations=9 (full 0):
 garbage-first heap   total reserved 5222400K, committed 69632K, used 50935K [0x00000006c1400000, 0x0000000800000000)
  region size 4096K, 9 young (36864K), 1 survivors (4096K)
 Metaspace       used 48803K, committed 49280K, reserved 1114112K
  class space    used 5423K, committed 5632K, reserved 1048576K
}
Event: 7.749 GC heap after
{Heap after GC invocations=10 (full 0):
 garbage-first heap   total reserved 5222400K, committed 69632K, used 25708K [0x00000006c1400000, 0x0000000800000000)
  region size 4096K, 2 young (8192K), 2 survivors (8192K)
 Metaspace       used 48803K, committed 49280K, reserved 1114112K
  class space    used 5423K, committed 5632K, reserved 1048576K
}

Dll operation events (12 events):
Event: 0.030 Loaded shared library C:\Program Files\Java\jdk-24\bin\java.dll
Event: 0.580 Loaded shared library C:\Program Files\Java\jdk-24\bin\zip.dll
Event: 0.594 Loaded shared library C:\Program Files\Java\jdk-24\bin\instrument.dll
Event: 0.620 Loaded shared library C:\Program Files\Java\jdk-24\bin\net.dll
Event: 0.631 Loaded shared library C:\Program Files\Java\jdk-24\bin\nio.dll
Event: 0.637 Loaded shared library C:\Program Files\Java\jdk-24\bin\zip.dll
Event: 0.691 Loaded shared library C:\Program Files\Java\jdk-24\bin\jimage.dll
Event: 0.914 Loaded shared library C:\Program Files\Java\jdk-24\bin\extnet.dll
Event: 0.931 Loaded shared library C:\Program Files\Java\jdk-24\bin\management.dll
Event: 0.948 Loaded shared library C:\Program Files\Java\jdk-24\bin\management_ext.dll
Event: 2.844 Loaded shared library C:\Program Files\Java\jdk-24\bin\sunmscapi.dll
Event: 51.011 Loaded shared library C:\Users\LENOVO\AppData\Local\Temp\idea_libasyncProfiler_dll_temp_folder\libasyncProfiler.dll

Deoptimization events (0 events):
No events

Classes loaded (20 events):
Event: 51.176 Loading class jdk/jfr/internal/MetadataDescriptor$Element
Event: 51.176 Loading class jdk/jfr/internal/MetadataDescriptor$Element done
Event: 51.176 Loading class jdk/jfr/internal/MetadataDescriptor$Attribute
Event: 51.176 Loading class jdk/jfr/internal/MetadataDescriptor$Attribute done
Event: 51.186 Loading class jdk/jfr/internal/consumer/StringParser$Encoding
Event: 51.186 Loading class jdk/jfr/internal/consumer/StringParser$Encoding done
Event: 51.197 Loading class jdk/jfr/internal/consumer/RepositoryFiles
Event: 51.198 Loading class jdk/jfr/internal/consumer/RepositoryFiles done
Event: 51.201 Loading class jdk/jfr/internal/SettingsManager$InternalSetting
Event: 51.202 Loading class jdk/jfr/internal/SettingsManager$InternalSetting done
Event: 51.203 Loading class jdk/jfr/internal/util/Rate
Event: 51.203 Loading class jdk/jfr/internal/util/Rate done
Event: 51.203 Loading class jdk/jfr/internal/util/TimespanUnit
Event: 51.203 Loading class jdk/jfr/internal/util/TimespanUnit done
Event: 51.204 Loading class jdk/jfr/internal/util/ValueParser
Event: 51.204 Loading class jdk/jfr/internal/util/ValueParser done
Event: 51.206 Loading class jdk/jfr/internal/periodic/PeriodicType
Event: 51.206 Loading class jdk/jfr/internal/periodic/PeriodicType done
Event: 51.226 Loading class jdk/jfr/internal/periodic/Batch
Event: 51.226 Loading class jdk/jfr/internal/periodic/Batch done

Classes unloaded (3 events):
Event: 5.522 Thread 0x000001b3e8037930 Unloading class 0x000001b3810cc400 'java/lang/invoke/LambdaForm$MH+0x000001b3810cc400'
Event: 5.522 Thread 0x000001b3e8037930 Unloading class 0x000001b3810cb000 'java/lang/invoke/LambdaForm$DMH+0x000001b3810cb000'
Event: 5.522 Thread 0x000001b3e8037930 Unloading class 0x000001b3810c5c00 'java/lang/invoke/LambdaForm$DMH+0x000001b3810c5c00'

Classes redefined (0 events):
No events

Internal exceptions (20 events):
Event: 6.890 Thread 0x000001b3d3f394a0 Exception <a 'java/lang/IncompatibleClassChangeError'{0x00000006c3e8e9d8}: Found class java.lang.Object, but interface was expected> (0x00000006c3e8e9d8) 
thrown [s\open\src\hotspot\share\interpreter\linkResolver.cpp, line 872]
Event: 6.912 Thread 0x000001b3d3f394a0 Exception <a 'java/lang/NoSuchMethodError'{0x00000006c3f707a8}: 'java.lang.Object java.lang.invoke.DirectMethodHandle$Holder.invokeStatic(java.lang.Object, java.lang.Object, int, java.lang.Object)'> (0x00000006c3f707a8) 
thrown [s\open\src\hotspot\share\interpreter\linkResolver.cpp, line 805]
Event: 6.914 Thread 0x000001b3d3f394a0 Exception <a 'java/lang/NoSuchMethodError'{0x00000006c3f78968}: 'java.lang.Object java.lang.invoke.DirectMethodHandle$Holder.invokeStaticInit(java.lang.Object, java.lang.Object, int, java.lang.Object)'> (0x00000006c3f78968) 
thrown [s\open\src\hotspot\share\interpreter\linkResolver.cpp, line 805]
Event: 7.232 Thread 0x000001b3d3f394a0 Exception <a 'java/lang/NoSuchMethodError'{0x00000006d525ce08}: 'java.lang.Object java.lang.invoke.DirectMethodHandle$Holder.newInvokeSpecial(java.lang.Object, java.lang.Object, java.lang.Object, java.lang.Object, java.lang.Object, java.lang.Object, java.lang.Object, java.lang.Object)'> (0x00000006d525ce08) 
thrown [s\open\src\hotspot\share\interpreter\linkResolver.cpp, line 805]
Event: 7.261 Thread 0x000001b3d3f394a0 Exception <a 'java/io/IOException'{0x00000006d0c58f48}> (0x00000006d0c58f48) 
thrown [s\open\src\hotspot\share\prims\jni.cpp, line 518]
Event: 7.345 Thread 0x000001b3d3f394a0 Exception <a 'java/lang/NoSuchMethodError'{0x00000006d08f3020}: 'java.lang.Object java.lang.invoke.DirectMethodHandle$Holder.invokeSpecial(java.lang.Object, java.lang.Object, int, java.lang.Object, java.lang.Object)'> (0x00000006d08f3020) 
thrown [s\open\src\hotspot\share\interpreter\linkResolver.cpp, line 805]
Event: 7.345 Thread 0x000001b3d3f394a0 Exception <a 'java/lang/NoSuchMethodError'{0x00000006d08fb6b8}: 'java.lang.Object java.lang.invoke.DelegatingMethodHandle$Holder.delegate(java.lang.Object, int, java.lang.Object, java.lang.Object)'> (0x00000006d08fb6b8) 
thrown [s\open\src\hotspot\share\interpreter\linkResolver.cpp, line 805]
Event: 7.352 Thread 0x000001b3d3f394a0 Exception <a 'java/lang/NoSuchMethodError'{0x00000006d0920838}: 'int java.lang.invoke.Invokers$Holder.linkToTargetMethod(java.lang.Object, java.lang.Object, java.lang.Object)'> (0x00000006d0920838) 
thrown [s\open\src\hotspot\share\interpreter\linkResolver.cpp, line 805]
Event: 7.380 Thread 0x000001b3d3f394a0 Exception <a 'java/lang/NoSuchMethodError'{0x00000006d0a77db0}: 'void java.lang.invoke.Invokers$Holder.invokeExact_MT(java.lang.Object, java.lang.Object, java.lang.Object, java.lang.Object)'> (0x00000006d0a77db0) 
thrown [s\open\src\hotspot\share\interpreter\linkResolver.cpp, line 805]
Event: 7.433 Thread 0x000001b3d3f394a0 Exception <a 'java/lang/IncompatibleClassChangeError'{0x00000006d046fae8}: Found class java.lang.Object, but interface was expected> (0x00000006d046fae8) 
thrown [s\open\src\hotspot\share\interpreter\linkResolver.cpp, line 872]
Event: 7.513 Thread 0x000001b3d3f394a0 Exception <a 'java/lang/NoSuchMethodError'{0x00000006c40702d8}: 'int java.lang.invoke.DirectMethodHandle$Holder.invokeStaticInit(java.lang.Object, java.lang.Object, java.lang.Object, java.lang.Object)'> (0x00000006c40702d8) 
thrown [s\open\src\hotspot\share\interpreter\linkResolver.cpp, line 805]
Event: 7.620 Thread 0x000001b3d3f394a0 Exception <a 'java/lang/IncompatibleClassChangeError'{0x00000006c3ca6b88}: Found class java.lang.Object, but interface was expected> (0x00000006c3ca6b88) 
thrown [s\open\src\hotspot\share\interpreter\linkResolver.cpp, line 872]
Event: 7.753 Thread 0x000001b3d3f394a0 Exception <a 'java/lang/NoSuchMethodError'{0x00000007ffc1ff10}: 'java.lang.Object java.lang.invoke.DirectMethodHandle$Holder.newInvokeSpecial(java.lang.Object, java.lang.Object, int, java.lang.Object, java.lang.Object)'> (0x00000007ffc1ff10) 
thrown [s\open\src\hotspot\share\interpreter\linkResolver.cpp, line 805]
Event: 8.104 Thread 0x000001b3c5b9c7e0 Exception <a 'java/lang/NoSuchMethodError'{0x00000007ffee5660}: 'java.lang.Object java.lang.invoke.DirectMethodHandle$Holder.invokeInterface(java.lang.Object, java.lang.Object, java.lang.Object, java.lang.Object, java.lang.Object, java.lang.Object, java.lang.Object)'> (0x00000007ffee5660) 
thrown [s\open\src\hotspot\share\interpreter\linkResolver.cpp, line 805]
Event: 51.156 Thread 0x000001b3e80511f0 Exception <a 'java/lang/NoSuchMethodError'{0x00000006d0eeb3d0}: 'void java.lang.invoke.DirectMethodHandle$Holder.invokeSpecial(java.lang.Object, java.lang.Object, int)'> (0x00000006d0eeb3d0) 
thrown [s\open\src\hotspot\share\interpreter\linkResolver.cpp, line 805]
Event: 51.156 Thread 0x000001b3e80511f0 Exception <a 'java/lang/NoSuchMethodError'{0x00000006d0eeefe0}: 'void java.lang.invoke.Invokers$Holder.invokeExact_MT(java.lang.Object, int, java.lang.Object)'> (0x00000006d0eeefe0) 
thrown [s\open\src\hotspot\share\interpreter\linkResolver.cpp, line 805]
Event: 51.158 Thread 0x000001b3e80511f0 Exception <a 'java/lang/NoSuchMethodError'{0x00000006d0f14760}: 'java.lang.Object java.lang.invoke.DirectMethodHandle$Holder.newInvokeSpecial(java.lang.Object, java.lang.Object, int)'> (0x00000006d0f14760) 
thrown [s\open\src\hotspot\share\interpreter\linkResolver.cpp, line 805]
Event: 51.164 Thread 0x000001b3e80511f0 Exception <a 'sun/nio/fs/WindowsException'{0x00000006d0f48828}> (0x00000006d0f48828) 
thrown [s\open\src\hotspot\share\prims\jni.cpp, line 518]
Event: 51.167 Thread 0x000001b3e80511f0 Exception <a 'sun/nio/fs/WindowsException'{0x00000006d0f55628}> (0x00000006d0f55628) 
thrown [s\open\src\hotspot\share\prims\jni.cpp, line 518]
Event: 51.172 Thread 0x000001b3e80511f0 Exception <a 'sun/nio/fs/WindowsException'{0x00000006d0f63360}> (0x00000006d0f63360) 
thrown [s\open\src\hotspot\share\prims\jni.cpp, line 518]

VM Operations (20 events):
Event: 6.099 Executing VM operation: HandshakeAllThreads (Deoptimize)
Event: 6.099 Executing VM operation: HandshakeAllThreads (Deoptimize) done
Event: 7.033 Executing VM operation: G1CollectForAllocation (G1 Evacuation Pause)
Event: 7.040 Executing VM operation: G1CollectForAllocation (G1 Evacuation Pause) done
Event: 7.294 Executing VM operation: HandshakeAllThreads (Deoptimize)
Event: 7.294 Executing VM operation: HandshakeAllThreads (Deoptimize) done
Event: 7.320 Executing VM operation: HandshakeAllThreads (Deoptimize)
Event: 7.320 Executing VM operation: HandshakeAllThreads (Deoptimize) done
Event: 7.321 Executing VM operation: HandshakeAllThreads (Deoptimize)
Event: 7.321 Executing VM operation: HandshakeAllThreads (Deoptimize) done
Event: 7.374 Executing VM operation: HandshakeAllThreads (Deoptimize)
Event: 7.374 Executing VM operation: HandshakeAllThreads (Deoptimize) done
Event: 7.447 Executing VM operation: HandshakeAllThreads (Deoptimize)
Event: 7.447 Executing VM operation: HandshakeAllThreads (Deoptimize) done
Event: 7.494 Executing VM operation: HandshakeAllThreads (Deoptimize)
Event: 7.494 Executing VM operation: HandshakeAllThreads (Deoptimize) done
Event: 7.740 Executing VM operation: G1CollectForAllocation (G1 Evacuation Pause)
Event: 7.749 Executing VM operation: G1CollectForAllocation (G1 Evacuation Pause) done
Event: 51.198 Executing VM operation: JFRSafepointClear
Event: 51.198 Executing VM operation: JFRSafepointClear done

Memory protections (0 events):
No events

Nmethod flushes (20 events):
Event: 5.530 Thread 0x000001b3e8037930 flushing  nmethod 0x000001b3dc8f7908
Event: 5.530 Thread 0x000001b3e8037930 flushing  nmethod 0x000001b3dc9b7088
Event: 5.530 Thread 0x000001b3e8037930 flushing  nmethod 0x000001b3dca47d08
Event: 5.530 Thread 0x000001b3e8037930 flushing  nmethod 0x000001b3dca48b08
Event: 5.530 Thread 0x000001b3e8037930 flushing  nmethod 0x000001b3dca8db88
Event: 5.530 Thread 0x000001b3e8037930 flushing  nmethod 0x000001b3dca8e988
Event: 5.530 Thread 0x000001b3e8037930 flushing  nmethod 0x000001b3dca8ec88
Event: 5.530 Thread 0x000001b3e8037930 flushing  nmethod 0x000001b3dca8f108
Event: 5.530 Thread 0x000001b3e8037930 flushing  nmethod 0x000001b3dca8fc08
Event: 5.530 Thread 0x000001b3e8037930 flushing  nmethod 0x000001b3dcac0388
Event: 5.530 Thread 0x000001b3e8037930 flushing  nmethod 0x000001b3dcad5d08
Event: 5.530 Thread 0x000001b3e8037930 flushing  nmethod 0x000001b3dcae9308
Event: 5.530 Thread 0x000001b3e8037930 flushing  nmethod 0x000001b3dcb0b088
Event: 5.530 Thread 0x000001b3e8037930 flushing  nmethod 0x000001b3dcb15388
Event: 5.530 Thread 0x000001b3e8037930 flushing  nmethod 0x000001b3dcb17908
Event: 5.530 Thread 0x000001b3e8037930 flushing  nmethod 0x000001b3dcb24208
Event: 5.530 Thread 0x000001b3e8037930 flushing  nmethod 0x000001b3dcc1ce88
Event: 5.530 Thread 0x000001b3e8037930 flushing  nmethod 0x000001b3dcc5b988
Event: 5.530 Thread 0x000001b3e8037930 flushing  nmethod 0x000001b3dcc6e688
Event: 5.530 Thread 0x000001b3e8037930 flushing  nmethod 0x000001b3dccd6908

Events (20 events):
Event: 7.765 Thread 0x000001b3d3f394a0 Thread added: 0x000001b3c561a410
Event: 7.765 Thread 0x000001b3d3f394a0 Thread added: 0x000001b3c5619570
Event: 7.765 Thread 0x000001b3d3f394a0 Thread added: 0x000001b3c561ba00
Event: 7.765 Thread 0x000001b3d3f394a0 Thread added: 0x000001b3c5619cc0
Event: 7.777 Thread 0x000001b3d3f394a0 Thread added: 0x000001b3c561ab60
Event: 7.779 Thread 0x000001b3d3f394a0 Thread added: 0x000001b3c561b2b0
Event: 7.792 Thread 0x000001b3d3f394a0 Thread exited: 0x000001b3d3f394a0
Event: 7.792 Thread 0x000001b3c6db8530 Thread added: 0x000001b3c6db8530
Event: 8.085 Thread 0x000001b3c5c3be10 Thread added: 0x000001b3c6db67f0
Event: 8.098 Thread 0x000001b3c5b9c7e0 Thread added: 0x000001b3c6db7690
Event: 8.104 Thread 0x000001b3c6db67f0 Thread exited: 0x000001b3c6db67f0
Event: 8.112 Thread 0x000001b3c5b9c7e0 Thread added: 0x000001b3c6db7de0
Event: 8.125 Thread 0x000001b3c6db7690 Thread exited: 0x000001b3c6db7690
Event: 8.126 Thread 0x000001b3c6db7de0 Thread exited: 0x000001b3c6db7de0
Event: 10.798 Thread 0x000001b3c50eb960 Thread exited: 0x000001b3c50eb960
Event: 12.740 Thread 0x000001b3c6a033d0 Thread exited: 0x000001b3c6a033d0
Event: 13.798 Thread 0x000001b3c5086770 Thread exited: 0x000001b3c5086770
Event: 51.069 Thread 0x000001b3e80511f0 Thread added: 0x000001b3c6db7de0
Event: 51.156 Thread 0x000001b3e8053380 Thread added: 0x000001b3c811cce0
Event: 51.158 Thread 0x000001b3e80511f0 Thread added: 0x000001b3c6db6f40


Dynamic libraries:
0x00007ff6db7b0000 - 0x00007ff6db7c0000 	C:\Program Files\Java\jdk-24\bin\java.exe
0x00007ffa4aa80000 - 0x00007ffa4ace7000 	C:\WINDOWS\SYSTEM32\ntdll.dll
0x00007ffa49160000 - 0x00007ffa49229000 	C:\WINDOWS\System32\KERNEL32.DLL
0x00007ffa474b0000 - 0x00007ffa478a7000 	C:\WINDOWS\System32\KERNELBASE.dll
0x00007ffa47af0000 - 0x00007ffa47c3b000 	C:\WINDOWS\System32\ucrtbase.dll
0x00007ffa09bf0000 - 0x00007ffa09c06000 	C:\Program Files\Java\jdk-24\bin\jli.dll
0x00007ffa4a0b0000 - 0x00007ffa4a276000 	C:\WINDOWS\System32\USER32.dll
0x00007ffa47da0000 - 0x00007ffa47dc7000 	C:\WINDOWS\System32\win32u.dll
0x00007ffa48d40000 - 0x00007ffa48d6b000 	C:\WINDOWS\System32\GDI32.dll
0x00007ffa486d0000 - 0x00007ffa487fc000 	C:\WINDOWS\System32\gdi32full.dll
0x00007ffa47cf0000 - 0x00007ffa47d93000 	C:\WINDOWS\System32\msvcp_win.dll
0x00007ff9fb7d0000 - 0x00007ff9fb7eb000 	C:\Program Files\Java\jdk-24\bin\VCRUNTIME140.dll
0x00007ffa33510000 - 0x00007ffa337a2000 	C:\WINDOWS\WinSxS\amd64_microsoft.windows.common-controls_6595b64144ccf1df_6.0.26100.8457_none_3e0b2faee331e92d\COMCTL32.dll
0x00007ffa48ae0000 - 0x00007ffa48b89000 	C:\WINDOWS\System32\msvcrt.dll
0x00007ffa48e70000 - 0x00007ffa48ea2000 	C:\WINDOWS\System32\IMM32.DLL
0x00007ffa42c20000 - 0x00007ffa42c2c000 	C:\Program Files\Java\jdk-24\bin\vcruntime140_1.dll
0x00007ff9df810000 - 0x00007ff9df89e000 	C:\Program Files\Java\jdk-24\bin\msvcp140.dll
0x00007ff96f610000 - 0x00007ff9703b2000 	C:\Program Files\Java\jdk-24\bin\server\jvm.dll
0x00007ffa4a980000 - 0x00007ffa4aa36000 	C:\WINDOWS\System32\ADVAPI32.dll
0x00007ffa4a8c0000 - 0x00007ffa4a967000 	C:\WINDOWS\System32\sechost.dll
0x00007ffa48b90000 - 0x00007ffa48ca8000 	C:\WINDOWS\System32\RPCRT4.dll
0x00007ffa48cb0000 - 0x00007ffa48d30000 	C:\WINDOWS\System32\WS2_32.dll
0x00007ffa47330000 - 0x00007ffa4738e000 	C:\WINDOWS\SYSTEM32\POWRPROF.dll
0x00007ffa1c5b0000 - 0x00007ffa1c5e6000 	C:\WINDOWS\SYSTEM32\WINMM.dll
0x00007ffa34e00000 - 0x00007ffa34e0b000 	C:\WINDOWS\SYSTEM32\VERSION.dll
0x00007ffa47310000 - 0x00007ffa47324000 	C:\WINDOWS\SYSTEM32\UMPDC.dll
0x00007ffa46240000 - 0x00007ffa4625b000 	C:\WINDOWS\SYSTEM32\kernel.appcore.dll
0x00007ffa00100000 - 0x00007ffa0010a000 	C:\Program Files\Java\jdk-24\bin\jimage.dll
0x00007ffa39560000 - 0x00007ffa397a2000 	C:\WINDOWS\SYSTEM32\DBGHELP.DLL
0x00007ffa4a280000 - 0x00007ffa4a603000 	C:\WINDOWS\System32\combase.dll
0x00007ffa48f00000 - 0x00007ffa48fd9000 	C:\WINDOWS\System32\OLEAUT32.dll
0x00007ffa30c80000 - 0x00007ffa30cbb000 	C:\WINDOWS\SYSTEM32\dbgcore.DLL
0x00007ffa47c40000 - 0x00007ffa47ce8000 	C:\WINDOWS\System32\bcryptPrimitives.dll
0x00007ff9f4e50000 - 0x00007ff9f4e5f000 	C:\Program Files\Java\jdk-24\bin\instrument.dll
0x00007ff9f4e30000 - 0x00007ff9f4e4e000 	C:\Program Files\Java\jdk-24\bin\java.dll
0x00007ffa49280000 - 0x00007ffa49417000 	C:\WINDOWS\System32\ole32.dll
0x00007ffa49930000 - 0x00007ffa4a09e000 	C:\WINDOWS\System32\SHELL32.dll
0x00007ffa47e60000 - 0x00007ffa486cc000 	C:\WINDOWS\System32\windows.storage.dll
0x00007ffa48820000 - 0x00007ffa48916000 	C:\WINDOWS\System32\SHCORE.dll
0x00007ffa48e00000 - 0x00007ffa48e66000 	C:\WINDOWS\System32\shlwapi.dll
0x00007ffa473d0000 - 0x00007ffa473f9000 	C:\WINDOWS\SYSTEM32\profapi.dll
0x00007ff9f2da0000 - 0x00007ff9f2db7000 	C:\Program Files\Java\jdk-24\bin\zip.dll
0x00007ff9f0f40000 - 0x00007ff9f0f50000 	C:\Program Files\Java\jdk-24\bin\net.dll
0x00007ffa467b0000 - 0x00007ffa4681c000 	C:\WINDOWS\system32\mswsock.dll
0x00007ff9f0f20000 - 0x00007ff9f0f36000 	C:\Program Files\Java\jdk-24\bin\nio.dll
0x00007ffa45d40000 - 0x00007ffa45e72000 	C:\WINDOWS\SYSTEM32\DNSAPI.dll
0x00007ffa45c50000 - 0x00007ffa45c82000 	C:\WINDOWS\SYSTEM32\IPHLPAPI.DLL
0x00007ffa48ee0000 - 0x00007ffa48eea000 	C:\WINDOWS\System32\NSI.dll
0x00007ffa39cc0000 - 0x00007ffa39ccb000 	C:\Windows\System32\rasadhlp.dll
0x00007ffa38970000 - 0x00007ffa389f6000 	C:\WINDOWS\System32\fwpuclnt.dll
0x00007ffa338a0000 - 0x00007ffa338a9000 	C:\Program Files\Java\jdk-24\bin\extnet.dll
0x00007ffa33890000 - 0x00007ffa3389a000 	C:\Program Files\Java\jdk-24\bin\management.dll
0x00007ffa14240000 - 0x00007ffa1424b000 	C:\Program Files\Java\jdk-24\bin\management_ext.dll
0x00007ffa48ef0000 - 0x00007ffa48ef8000 	C:\WINDOWS\System32\PSAPI.DLL
0x00007ffa46a90000 - 0x00007ffa46aab000 	C:\WINDOWS\SYSTEM32\CRYPTSP.dll
0x00007ffa461a0000 - 0x00007ffa461d9000 	C:\WINDOWS\system32\rsaenh.dll
0x00007ffa46860000 - 0x00007ffa46893000 	C:\WINDOWS\SYSTEM32\USERENV.dll
0x00007ffa473a0000 - 0x00007ffa473ca000 	C:\WINDOWS\SYSTEM32\bcrypt.dll
0x00007ffa46ab0000 - 0x00007ffa46abc000 	C:\WINDOWS\SYSTEM32\CRYPTBASE.dll
0x00007ffa12a10000 - 0x00007ffa12a28000 	C:\WINDOWS\system32\napinsp.dll
0x00007ffa12820000 - 0x00007ffa12833000 	C:\WINDOWS\System32\winrnr.dll
0x00007ffa12230000 - 0x00007ffa12252000 	C:\WINDOWS\system32\nlansp_c.dll
0x00007ffa39cd0000 - 0x00007ffa39ce6000 	C:\WINDOWS\system32\wshbth.dll
0x00007ffa14220000 - 0x00007ffa1422e000 	C:\Program Files\Java\jdk-24\bin\sunmscapi.dll
0x00007ffa47970000 - 0x00007ffa47ae8000 	C:\WINDOWS\System32\CRYPT32.dll
0x00007ffa46cb0000 - 0x00007ffa46ce0000 	C:\WINDOWS\SYSTEM32\ncrypt.dll
0x00007ffa46c60000 - 0x00007ffa46c9f000 	C:\WINDOWS\SYSTEM32\NTASN1.dll
0x00007ff9f2d10000 - 0x00007ff9f2d18000 	C:\WINDOWS\system32\wshunix.dll
0x00007ff9be570000 - 0x00007ff9be768000 	C:\Users\LENOVO\AppData\Local\Temp\idea_libasyncProfiler_dll_temp_folder\libasyncProfiler.dll

dbghelp: loaded successfully - version: 4.0.5 - missing functions: none
symbol engine: initialized successfully - sym options: 0x614 - pdb path: .;C:\Program Files\Java\jdk-24\bin;C:\WINDOWS\SYSTEM32;C:\WINDOWS\WinSxS\amd64_microsoft.windows.common-controls_6595b64144ccf1df_6.0.26100.8457_none_3e0b2faee331e92d;C:\Program Files\Java\jdk-24\bin\server;C:\Users\LENOVO\AppData\Local\Temp\idea_libasyncProfiler_dll_temp_folder

VM Arguments:
jvm_args: -XX:TieredStopAtLevel=1 -Dspring.output.ansi.enabled=always -Dcom.sun.management.jmxremote -Dspring.jmx.enabled=true -Dspring.liveBeansView.mbeanDomain -Dspring.application.admin.enabled=true -Dmanagement.endpoints.jmx.exposure.include=* -javaagent:C:\Users\LENOVO\AppData\Local\Programs\IntelliJ IDEA Ultimate\lib\idea_rt.jar=64246 -Dfile.encoding=UTF-8 -Dsun.stdout.encoding=UTF-8 -Dsun.stderr.encoding=UTF-8 
java_command: Despertares.clinica_Despertares.ClinicaDespertaresApplication
java_class_path (initial): C:\Users\LENOVO\OneDrive - Universidad San Ignacio de Loyola\Documentos\clinica_Despertares\target\classes;C:\Users\LENOVO\.m2\repository\org\springframework\boot\spring-boot-starter-data-jpa\3.5.14\spring-boot-starter-data-jpa-3.5.14.jar;C:\Users\LENOVO\.m2\repository\org\springframework\boot\spring-boot-starter\3.5.14\spring-boot-starter-3.5.14.jar;C:\Users\LENOVO\.m2\repository\org\springframework\boot\spring-boot\3.5.14\spring-boot-3.5.14.jar;C:\Users\LENOVO\.m2\repository\org\springframework\boot\spring-boot-autoconfigure\3.5.14\spring-boot-autoconfigure-3.5.14.jar;C:\Users\LENOVO\.m2\repository\org\springframework\boot\spring-boot-starter-logging\3.5.14\spring-boot-starter-logging-3.5.14.jar;C:\Users\LENOVO\.m2\repository\ch\qos\logback\logback-classic\1.5.32\logback-classic-1.5.32.jar;C:\Users\LENOVO\.m2\repository\ch\qos\logback\logback-core\1.5.32\logback-core-1.5.32.jar;C:\Users\LENOVO\.m2\repository\org\apache\logging\log4j\log4j-to-slf4j\2.24.3\log4j-to-slf4j-2.24.3.jar;C:\Users\LENOVO\.m2\repository\org\apache\logging\log4j\log4j-api\2.24.3\log4j-api-2.24.3.jar;C:\Users\LENOVO\.m2\repository\org\slf4j\jul-to-slf4j\2.0.17\jul-to-slf4j-2.0.17.jar;C:\Users\LENOVO\.m2\repository\jakarta\annotation\jakarta.annotation-api\2.1.1\jakarta.annotation-api-2.1.1.jar;C:\Users\LENOVO\.m2\repository\org\yaml\snakeyaml\2.4\snakeyaml-2.4.jar;C:\Users\LENOVO\.m2\repository\org\springframework\boot\spring-boot-starter-jdbc\3.5.14\spring-boot-starter-jdbc-3.5.14.jar;C:\Users\LENOVO\.m2\repository\com\zaxxer\HikariCP\6.3.3\HikariCP-6.3.3.jar;C:\Users\LENOVO\.m2\repository\org\springframework\spring-jdbc\6.2.18\spring-jdbc-6.2.18.jar;C:\Users\LENOVO\.m2\repository\org\hibernate\orm\hibernate-core\6.6.49.Final\hibernate-core-6.6.49.Final.jar;C:\Users\LENOVO\.m2\repository\jakarta\persistence\jakarta.persistence-api\3.1.0\jakarta.persistence-api-3.1.0.jar;C:\Users\LENOVO\.m2\repository\jakarta\transaction\jakarta.transaction-api\2.0.1\jakarta.transaction-api-2.0.1.jar;C:\Users\LENOVO\.m2\repository\org\jboss\logging\jboss-logging\3.6.3.Final\jboss-logging-3.6.3.Final.jar;C:\Users\LENOVO\.m2\repository\org\hibernate\common\hibernate-commons-annotations\7.0.3.Final\hibernate-commons-annotations-7.0.3.Final.jar;C:\Users\LENOVO\.m2\repository\io\smallrye\jandex\3.2.0\jandex-3.2.0.jar;C:\Users\LENOVO\.m2\repository\com\fasterxml\classmate\1.7.3\classmate-1.7.3.jar;C:\Users\LENOVO\.m2\repository\net\bytebuddy\byte-buddy\1.17.8\byte-buddy-1.17.8.jar;C:\Users\LENOVO\.m2\repository\org\glassfish\jaxb\jaxb-runtime\4.0.6\jaxb-runtime-4.0.6.jar;C:\Users\LENOVO\.m2\repository\org\glassfish\jaxb\jaxb-core\4.0.6\jaxb-core-4.0.6.jar;C:\Users\LENOVO\.m2\repository\org\eclipse\angus\angus-activation\2.0.3\angus-activation-2.0.3.jar;C:\Users\LENOVO\.m2\repository\org\glassfish\jaxb\txw2\4.0.6\txw2-4.0.6.jar;C:\Users\LENOVO\.m2\repository\com\sun\istack\istack-commons-runtime\4.1.2\istack-commons-runtime-4.1.2.jar;C:\Users\LENOVO\.m2\repository\jakarta\inject\jakarta.inject-api\2.0.1\jakarta.inject-api-2.0.1.jar;C:\Users\LENOVO\.m2\repository\org\antlr\antlr4-runtime\4.13.0\antlr4-runtime-4.13.0.jar;C:\Users\LENOVO\.m2\repository\org\springframework\data\spring-data-jpa\3.5.11\spring-data-jpa-3.5.11.jar;C:\Users\LENOVO\.m2\repository\org\springframework\data\spring-data-commons\3.5.11\spring-data-commons-3.5.11.jar;C:\Users\LENOVO\.m2\repository\org\springframework\spring-orm\6.2.18\spring-orm-6.2.18.jar;C:\Users\LENOVO\.m2\repository\org\springframework\spring-context\6.2.18\spring-context-6.2.18.jar;C:\Users\LENOVO\.m2\repository\org\springframework\spring-aop\6.2.18\spring-aop-6.2.18.jar;C:\Users\LENOVO\.m2\repository\org\springframework\spring-tx\6.2.18\spring-tx-6.2.18.jar;C:\Users\LENOVO\.m2\repository\org\springframework\spring-beans\6.2.18\spring-beans-6.2.18.jar;C:\Users\LENOVO\.m2\repository\org\slf4j\slf4j-api\2.0.17\slf4j-api-2.0.17.jar;C:\Users\LENOVO\.m2\repository\org\springframework\spring-aspects\6.2.18\spring-aspects-6.2.18.jar;C:\Users\LENOVO\.m2\repository\org\aspectj\aspectjweaver\1.9.25.1\aspectjweaver-1.9.25.1.jar;C:\Users\LENOVO\.m2\repository\org\springframework\boot\spring-boot-starter-thymeleaf\3.5.14\spring-boot-starter-thymeleaf-3.5.14.jar;C:\Users\LENOVO\.m2\repository\org\thymeleaf\thymeleaf-spring6\3.1.5.RELEASE\thymeleaf-spring6-3.1.5.RELEASE.jar;C:\Users\LENOVO\.m2\repository\org\thymeleaf\thymeleaf\3.1.5.RELEASE\thymeleaf-3.1.5.RELEASE.jar;C:\Users\LENOVO\.m2\repository\org\attoparser\attoparser\2.0.7.RELEASE\attoparser-2.0.7.RELEASE.jar;C:\Users\LENOVO\.m2\repository\org\unbescape\unbescape\1.1.6.RELEASE\unbescape-1.1.6.RELEASE.jar;C:\Users\LENOVO\.m2\repository\org\springframework\boot\spring-boot-starter-web\3.5.14\spring-boot-starter-web-3.5.14.jar;C:\Users\LENOVO\.m2\repository\org\springframework\boot\spring-boot-starter-json\3.5.14\spring-boot-starter-json-3.5.14.jar;C:\Users\LENOVO\.m2\repository\com\fasterxml\jackson\core\jackson-databind\2.21.2\jackson-databind-2.21.2.jar;C:\Users\LENOVO\.m2\repository\com\fasterxml\jackson\core\jackson-annotations\2.21\jackson-annotations-2.21.jar;C:\Users\LENOVO\.m2\repository\com\fasterxml\jackson\core\jackson-core\2.21.2\jackson-core-2.21.2.jar;C:\Users\LENOVO\.m2\repository\com\fasterxml\jackson\datatype\jackson-datatype-jdk8\2.21.2\jackson-datatype-jdk8-2.21.2.jar;C:\Users\LENOVO\.m2\repository\com\fasterxml\jackson\datatype\jackson-datatype-jsr310\2.21.2\jackson-datatype-jsr310-2.21.2.jar;C:\Users\LENOVO\.m2\repository\com\fasterxml\jackson\module\jackson-module-parameter-names\2.21.2\jackson-module-parameter-names-2.21.2.jar;C:\Users\LENOVO\.m2\repository\org\springframework\boot\spring-boot-starter-tomcat\3.5.14\spring-boot-starter-tomcat-3.5.14.jar;C:\Users\LENOVO\.m2\repository\org\apache\tomcat\embed\tomcat-embed-core\10.1.54\tomcat-embed-core-10.1.54.jar;C:\Users\LENOVO\.m2\repository\org\apache\tomcat\embed\tomcat-embed-el\10.1.54\tomcat-embed-el-10.1.54.jar;C:\Users\LENOVO\.m2\repository\org\apache\tomcat\embed\tomcat-embed-websocket\10.1.54\tomcat-embed-websocket-10.1.54.jar;C:\Users\LENOVO\.m2\repository\org\springframework\spring-web\6.2.18\spring-web-6.2.18.jar;C:\Users\LENOVO\.m2\repository\io\micrometer\micrometer-observation\1.15.11\micrometer-observation-1.15.11.jar;C:\Users\LENOVO\.m2\repository\io\micrometer\micrometer-commons\1.15.11\micrometer-commons-1.15.11.jar;C:\Users\LENOVO\.m2\repository\org\springframework\spring-webmvc\6.2.18\spring-webmvc-6.2.18.jar;C:\Users\LENOVO\.m2\repository\org\springframework\spring-expression\6.2.18\spring-expression-6.2.18.jar;C:\Users\LENOVO\.m2\repository\org\postgresql\postgresql\42.7.10\postgresql-42.7.10.jar;C:\Users\LENOVO\.m2\repository\org\checkerframework\checker-qual\3.52.0\checker-qual-3.52.0.jar;C:\Users\LENOVO\.m2\repository\jakarta\xml\bind\jakarta.xml.bind-api\4.0.4\jakarta.xml.bind-api-4.0.4.jar;C:\Users\LENOVO\.m2\repository\jakarta\activation\jakarta.activation-api\2.1.4\jakarta.activation-api-2.1.4.jar;C:\Users\LENOVO\.m2\repository\org\springframework\spring-core\6.2.18\spring-core-6.2.18.jar;C:\Users\LENOVO\.m2\repository\org\springframework\spring-jcl\6.2.18\spring-jcl-6.2.18.jar
Launcher Type: SUN_STANDARD

[Global flags]
     intx CICompilerCount                          = 3                                         {product} {ergonomic}
     uint ConcGCThreads                            = 1                                         {product} {ergonomic}
     bool FlightRecorder                           = true                                      {product} {management}
     uint G1ConcRefinementThreads                  = 4                                         {product} {ergonomic}
   size_t G1HeapRegionSize                         = 4194304                                   {product} {ergonomic}
   size_t InitialHeapSize                          = 335544320                                 {product} {ergonomic}
     bool ManagementServer                         = true                                      {product} {command line}
   size_t MarkStackSize                            = 4194304                                   {product} {ergonomic}
   size_t MarkStackSizeMax                         = 536870912                                 {product} {ergonomic}
   size_t MaxHeapSize                              = 5347737600                                {product} {ergonomic}
   size_t MaxNewSize                               = 3208642560                                {product} {ergonomic}
   size_t MinHeapDeltaBytes                        = 4194304                                   {product} {ergonomic}
   size_t MinHeapSize                              = 8388608                                   {product} {ergonomic}
    uintx NonNMethodCodeHeapSize                   = 4096                                   {pd product} {ergonomic}
    uintx NonProfiledCodeHeapSize                  = 0                                      {pd product} {ergonomic}
     bool ProfileInterpreter                       = false                                  {pd product} {command line}
    uintx ProfiledCodeHeapSize                     = 0                                      {pd product} {ergonomic}
   size_t SoftMaxHeapSize                          = 5347737600                             {manageable} {ergonomic}
     intx TieredStopAtLevel                        = 1                                         {product} {command line}
     bool UseCompressedOops                        = true                           {product lp64_product} {ergonomic}
     bool UseG1GC                                  = true                                      {product} {ergonomic}
     bool UseLargePagesIndividualAllocation        = false                                  {pd product} {ergonomic}

Logging:
Log output configuration:
 #0: stdout all=warning uptime,level,tags foldmultilines=false
 #1: stderr all=off uptime,level,tags foldmultilines=false

Environment Variables:
JAVA_HOME=C:\Program Files\Java\jdk-24
PATH=C:\Program Files (x86)\Common Files\Oracle\Java\javapath;C:\Program Files\Common Files\Oracle\Java\javapath;C:\WINDOWS\system32;C:\WINDOWS;C:\WINDOWS\System32\Wbem;C:\WINDOWS\System32\WindowsPowerShell\v1.0\;C:\WINDOWS\System32\OpenSSH\;C:\msys64\ucrt64\bin.;C:\Program Files (x86)\Windows Kits\10\Windows Performance Toolkit\;C:\Program Files\Git\cmd;C:\Program Files\MySQL\MySQL Server 8.0\bin;C:\Program Files\Cloudflare\Cloudflare WARP\;C:\Users\LENOVO\.local\bin;C:\Users\LENOVO\AppData\Local\Programs\Python\Python313\Scripts\;C:\Users\LENOVO\AppData\Local\Programs\Python\Python313\;C:\Program Files\MySQL\MySQL Shell 8.0\bin\;C:\Users\LENOVO\AppData\Local\Microsoft\WindowsApps;C:\MinGW\bin;C:\Program Files\Java\jdk-24\bin;C:\Users\LENOVO\AppData\Local\JetBrains\Toolbox\scripts;C:\Users\LENOVO\AppData\Local\Programs\Microsoft VS Code\bin
USERNAME=LENOVO
OS=Windows_NT
PROCESSOR_IDENTIFIER=Intel64 Family 6 Model 142 Stepping 10, GenuineIntel
TMP=C:\Users\LENOVO\AppData\Local\Temp
TEMP=C:\Users\LENOVO\AppData\Local\Temp




Periodic native trim disabled

---------------  S Y S T E M  ---------------

OS:
 Windows 11 , 64 bit Build 26100 (10.0.26100.8328)
OS uptime: 4 days 7:53 hours

CPU: total 4 (initial active 4) (2 cores per cpu, 2 threads per core) family 6 model 142 stepping 10 microcode 0xe0, cx8, cmov, fxsr, ht, mmx, 3dnowpref, sse, sse2, sse3, ssse3, sse4.1, sse4.2, popcnt, lzcnt, tsc, tscinvbit, avx, avx2, aes, erms, clmul, bmi1, bmi2, adx, fma, vzeroupper, clflush, clflushopt, rdtscp, f16c
Processor Information for the first 4 processors :
  Max Mhz: 2208, Current Mhz: 2208, Mhz Limit: 2208

Memory: 4k page, system-wide physical 20389M (8329M free)
TotalPageFile size 21669M (AvailPageFile size 7975M)
current process WorkingSet (physical memory assigned to process): 201M, peak: 203M
current process commit charge ("private bytes"): 253M, peak: 439M

vm_info: Java HotSpot(TM) 64-Bit Server VM (24+36-3646) for windows-amd64 JRE (24+36-3646), built on 2025-02-06T00:20:43Z with MS VC++ 17.6 (VS2022)

END.
